[38;5;25m---------------------------------------------------
[0m"[38;5;50m--- PROGRAM STARTED ---[0m"
[38;5;50m[
  "C:\\Users\\User\\Desktop\\summer test"
]
[0m
[38;5;25m---------------------------------------------------
[0m"[38;5;50m--- PROGRAM STARTED ---[0m"
[38;5;50m[
  "C:\\Users\\User\\Desktop\\summer test"
]
[0m
[38;5;25m---------------------------------------------------
[0m"[38;5;50m--- PROGRAM STARTED ---[0m"
[38;5;50m[
  "C:\\Users\\User\\Desktop\\summer test"
]
[0m
[38;5;25m---------------------------------------------------
[0m"[38;5;50m--- PROGRAM STARTED ---[0m"
[38;5;50m[
  "C:\\Users\\User\\Desktop\\summer test"
]
[0m
[38;5;25m---------------------------------------------------
[0m"[38;5;50m--- PROGRAM STARTED ---[0m"
[38;5;50m[
  "C:\\Users\\User\\Desktop\\summer test"
]
[0m
[38;5;25m---------------------------------------------------
[0m"[38;5;50m--- PROGRAM STARTED ---[0m"
[38;5;50m[
  "C:\\Users\\User\\Desktop\\summer test"
]
[0m
[38;5;25m---------------------------------------------------
[0m"[38;5;50m--- PROGRAM STARTED ---[0m"
[38;5;50m[
  "C:\\Users\\User\\Desktop\\summer test"
]
[0m
[38;5;25m---------------------------------------------------
[0m"[38;5;50m--- PROGRAM STARTED ---[0m"
[38;5;50m[
  "C:\\Users\\User\\Desktop\\summer test"
]
[0m
[38;5;25m---------------------------------------------------
[0m"[38;5;50m--- PROGRAM STARTED ---[0m"
[38;5;50m[
  "C:\\Users\\User\\Desktop\\summer test"
]
[0m
[38;5;25m---------------------------------------------------
[0m"[38;5;50m--- PROGRAM STARTED ---[0m"
[38;5;50m[
  "C:\\Users\\User\\Desktop\\summer test"
]
[0m
[38;5;25m---------------------------------------------------
[0m"[38;5;50m--- PROGRAM STARTED ---[0m"
[38;5;50m[
  "C:\\Users\\User\\Desktop\\summer test"
]
[0m
[38;5;25m---------------------------------------------------
[0m"[38;5;50m--- PROGRAM STARTED ---[0m"
[38;5;50m[
  "C:\\Users\\User\\Desktop\\summer test"
]
[0m
[38;5;25m---------------------------------------------------
[0m"[38;5;50m--- PROGRAM STARTED ---[0m"
[38;5;50m[
  "C:\\Users\\User\\Desktop\\summer test"
]
[0m
[38;5;25m---------------------------------------------------
[0m"[38;5;50m--- PROGRAM STARTED ---[0m"
[38;5;50m[
  "C:\\Users\\User\\Desktop\\summer test"
]
[0m
[38;5;25m---------------------------------------------------
[0m"[38;5;50m--- PROGRAM STARTED ---[0m"
[38;5;50m[
  "C:\\Users\\User\\Desktop\\summer test"
]
[0m
[38;5;25m---------------------------------------------------
[0m"[38;5;50m--- PROGRAM STARTED ---[0m"
[38;5;50m[
  "C:\\Users\\User\\Desktop\\summer test"
]
[0m
[38;5;25m---------------------------------------------------
[0m"[38;5;50m--- PROGRAM STARTED ---[0m"
[38;5;50m[
  "C:\\Users\\User\\Desktop\\widget thing"
]
[0m
[38;5;25m---------------------------------------------------
[0m"[38;5;50m--- PROGRAM STARTED ---[0m"
[38;5;50m[
  "C:\\Users\\User\\Desktop\\widget thing"
]
[0m
[38;5;25m---------------------------------------------------
[0m"[38;5;50m--- PROGRAM STARTED ---[0m"
[38;5;50m[
  "C:\\Users\\User\\Desktop\\summer test"
]
[0m
[38;5;25m---------------------------------------------------
[0m"[38;5;50m--- PROGRAM STARTED ---[0m"
[38;5;50m[
  "C:\\Users\\User\\Desktop\\fcc edit\\www.photopea.com"
]
[0m
[38;5;25m---------------------------------------------------
[0m"[38;5;50m--- PROGRAM STARTED ---[0m"
[38;5;50m[
  "C:\\Users\\User\\Desktop\\New folder (4)\\www.photopea.com"
]
[0m
[38;5;25m---------------------------------------------------
[0m"[38;5;50m--- PROGRAM STARTED ---[0m"
[38;5;50m[
  "C:\\Users\\User\\Desktop\\New folder (4)"
]
[0m
[38;5;25m---------------------------------------------------
[0m"[38;5;50m--- PROGRAM STARTED ---[0m"
[38;5;50m[
  "C:\\Users\\User\\Desktop\\summer test"
]
[0m
[38;5;25m---------------------------------------------------
[0m"[38;5;50m--- PROGRAM STARTED ---[0m"
[38;5;50m[
  "C:\\Users\\User\\Desktop\\summer test"
]
[0m
[38;5;25m---------------------------------------------------
[0m"[38;5;50m--- PROGRAM STARTED ---[0m"
[38;5;50m[
  "C:\\Users\\User\\Desktop\\summer test"
]
[0m
[38;5;25m---------------------------------------------------
[0m"[38;5;50m--- PROGRAM STARTED ---[0m"
[38;5;50m[
  "C:\\Users\\User\\Desktop\\summer test"
]
[0m
[38;5;25m---------------------------------------------------
[0m"[38;5;50m--- PROGRAM STARTED ---[0m"
[38;5;50m[
  "C:\\Users\\User\\Desktop\\summer test"
]
[0m
[38;5;25m---------------------------------------------------
[0m"[38;5;50m--- PROGRAM STARTED ---[0m"
[38;5;50m[
  "C:\\Users\\User\\Desktop\\summer test"
]
[0m
[38;5;25m---------------------------------------------------
[0m"[38;5;50m--- PROGRAM STARTED ---[0m"
[38;5;50m[
  "C:\\Users\\User\\Desktop\\summer test"
]
[0m
[38;5;25m---------------------------------------------------
[0m"[38;5;50m--- PROGRAM STARTED ---[0m"
[38;5;50m[
  "C:\\Users\\User\\Desktop\\summer test"
]
[0m
[38;5;25m---------------------------------------------------
[0m"[38;5;50m--- PROGRAM STARTED ---[0m"
[38;5;50m[
  "C:\\Users\\User\\Desktop\\multi-page-bundle-javascript-portfolio-for-school"
]
[0m
[38;5;25m---------------------------------------------------
[0m"[38;5;50m--- PROGRAM STARTED ---[0m"
[38;5;50m[
  "C:\\Users\\User\\Desktop\\rsa17826.github.io"
]
[0m
[38;5;25m---------------------------------------------------
[0m"[38;5;50m--- PROGRAM STARTED ---[0m"
[38;5;50m[
  "C:\\Users\\User\\Desktop\\summer test"
]
[0m